<html>
<body>
<pre>
<h1>µVision Build Log</h1>
<h2>Tool Versions:</h2>
IDE-Version: µVision V5.24.2.0
Copyright (C) 2017 ARM Ltd and ARM Germany GmbH. All rights reserved.
License Information: Akmal Akmalov, Alliance of Food, LIC=Z3CTG-VUL12-591GZ-J3IJU-72GW5-2ILTK
 
Tool Versions:
Toolchain:       MDK-ARM Professional  Version: 5.24.1
Toolchain Path:  D:\Keil_v5\ARM\ARMCC\Bin
C Compiler:      Armcc.exe V5.06 update 5 (build 528)
Assembler:       Armasm.exe V5.06 update 5 (build 528)
Linker/Locator:  ArmLink.exe V5.06 update 5 (build 528)
Library Manager: ArmAr.exe V5.06 update 5 (build 528)
Hex Converter:   FromElf.exe V5.06 update 5 (build 528)
CPU DLL:         SARM.DLL V5.24.1
Dialog DLL:      DARMATS.DLL V1.22.0.0
Target DLL:      UL2ARM.DLL V1.74.10.0
Dialog DLL:      TARMATS.DLL V1.22.0.0
 
<h2>Project:</h2>
C:\arm7_template\Shed.uvproj
Project File Date:  01/18/2020

<h2>Output:</h2>
*** Using Compiler 'V5.06 update 5 (build 528)', folder: 'D:\Keil_v5\ARM\ARMCC\Bin'
Rebuild target 'Shed'
assembling defines.s...
assembling SAM7.s...
compiling main.c...
assembling util.s...
linking...
Program Size: Code=2088 RO-data=156 RW-data=72 ZI-data=2024  
".\Objects\Shed.axf" - 0 Error(s), 0 Warning(s).
Build Time Elapsed:  00:00:04
</pre>
</body>
</html>
